2026-04-28 15:22:18 ERROR com.example.ts.exception.GlobalExceptionHandler - Internal server error: INTERNAL_SERVER_ERROR (500)
2026-04-28 15:22:22 ERROR com.example.ts.exception.GlobalExceptionHandler - Internal server error: INTERNAL_SERVER_ERROR (500)
2026-04-28 15:22:22 ERROR com.example.ts.exception.GlobalExceptionHandler - Internal server error: INTERNAL_SERVER_ERROR (500)
2026-04-28 15:22:22 ERROR com.example.ts.exception.GlobalExceptionHandler - Internal server error: INTERNAL_SERVER_ERROR (500)
2026-04-28 22:21:53 DEBUG com.example.ts.aop.LoggingAspect - Метод CategoryController.getAllCategories() вызван с параметрами: []
2026-04-28 22:21:53 DEBUG com.example.ts.aop.LoggingAspect - Метод CategoryServiceImpl.getAllCategories() вызван с параметрами: []
2026-04-28 22:21:53 DEBUG com.example.ts.aop.LoggingAspect - Метод ToyController.getAll(..) вызван с параметрами: [0, 6]
2026-04-28 22:21:53 INFO  com.example.ts.aop.LoggingAspect - Метод CategoryServiceImpl.getAllCategories() выполнен успешно за 46 ms
2026-04-28 22:21:53 INFO  com.example.ts.aop.LoggingAspect - Метод CategoryController.getAllCategories() выполнен успешно за 52 ms
2026-04-28 22:21:53 DEBUG com.example.ts.aop.LoggingAspect - Метод CategoryController.getAllCategories() вызван с параметрами: []
2026-04-28 22:21:53 DEBUG com.example.ts.aop.LoggingAspect - Метод CategoryServiceImpl.getAllCategories() вызван с параметрами: []
2026-04-28 22:21:53 INFO  com.example.ts.aop.LoggingAspect - Метод CategoryServiceImpl.getAllCategories() выполнен успешно за 5 ms
2026-04-28 22:21:53 INFO  com.example.ts.aop.LoggingAspect - Метод CategoryController.getAllCategories() выполнен успешно за 5 ms
2026-04-28 22:21:53 DEBUG com.example.ts.aop.LoggingAspect - Метод ToyServiceImpl.getAllToysPaged(..) вызван с параметрами: [0, 6]
2026-04-28 22:21:53 INFO  com.example.ts.aop.LoggingAspect - Метод ToyServiceImpl.getAllToysPaged(..) выполнен успешно за 40 ms
2026-04-28 22:21:53 INFO  com.example.ts.aop.LoggingAspect - Метод ToyController.getAll(..) выполнен успешно за 110 ms
2026-04-28 22:21:53 DEBUG com.example.ts.aop.LoggingAspect - Метод ToyController.getAll(..) вызван с параметрами: [0, 6]
2026-04-28 22:21:53 DEBUG com.example.ts.aop.LoggingAspect - Метод ToyServiceImpl.getAllToysPaged(..) вызван с параметрами: [0, 6]
2026-04-28 22:21:53 INFO  com.example.ts.aop.LoggingAspect - Метод ToyServiceImpl.getAllToysPaged(..) выполнен успешно за 15 ms
2026-04-28 22:21:53 INFO  com.example.ts.aop.LoggingAspect - Метод ToyController.getAll(..) выполнен успешно за 15 ms
2026-04-28 22:21:55 DEBUG com.example.ts.aop.LoggingAspect - Метод AuthController.login(..) вызван с параметрами: [com.example.ts.controller.LoginRequest@572db66b]
2026-04-28 22:21:55 INFO  com.example.ts.aop.LoggingAspect - Метод AuthController.login(..) выполнен успешно за 8 ms
